[    3555ms] [WARNING] WARN Scale bindings are currently only supported for scales with unbinned, continuous domains. @ http://localhost:8501/static/js/embed.Bqebd2RE.js:0
[    3587ms] [WARNING] WARN Dropping "fit-x" because spec has discrete width. @ http://localhost:8501/static/js/embed.Bqebd2RE.js:0
[    3625ms] [WARNING] WARN Infinite extent for field "value -- streamlit-generated": [Infinity, -Infinity] @ http://localhost:8501/static/js/embed.Bqebd2RE.js:0
[    3625ms] [WARNING] WARN Infinite extent for field "value -- streamlit-generated": [Infinity, -Infinity] @ http://localhost:8501/static/js/embed.Bqebd2RE.js:0
[    3625ms] [WARNING] WARN Infinite extent for field "value -- streamlit-generated": [Infinity, -Infinity] @ http://localhost:8501/static/js/embed.Bqebd2RE.js:0
[    3646ms] [WARNING] WARN Infinite extent for field "value -- streamlit-generated": [Infinity, -Infinity] @ http://localhost:8501/static/js/embed.Bqebd2RE.js:0
[    3693ms] [WARNING] WARN Scale bindings are currently only supported for scales with unbinned, continuous domains. @ http://localhost:8501/static/js/embed.Bqebd2RE.js:0
[    3730ms] [WARNING] WARN Infinite extent for field "value -- streamlit-generated": [Infinity, -Infinity] @ http://localhost:8501/static/js/embed.Bqebd2RE.js:0
[    3730ms] [WARNING] WARN Infinite extent for field "value -- streamlit-generated": [Infinity, -Infinity] @ http://localhost:8501/static/js/embed.Bqebd2RE.js:0
[    3731ms] [WARNING] WARN Infinite extent for field "value -- streamlit-generated": [Infinity, -Infinity] @ http://localhost:8501/static/js/embed.Bqebd2RE.js:0
[    3741ms] [WARNING] WARN Infinite extent for field "value -- streamlit-generated": [Infinity, -Infinity] @ http://localhost:8501/static/js/embed.Bqebd2RE.js:0
[    3794ms] [WARNING] WARN Scale bindings are currently only supported for scales with unbinned, continuous domains. @ http://localhost:8501/static/js/embed.Bqebd2RE.js:0
[    3825ms] [WARNING] WARN Infinite extent for field "value -- streamlit-generated": [Infinity, -Infinity] @ http://localhost:8501/static/js/embed.Bqebd2RE.js:0
[    3825ms] [WARNING] WARN Infinite extent for field "value -- streamlit-generated": [Infinity, -Infinity] @ http://localhost:8501/static/js/embed.Bqebd2RE.js:0
[    3825ms] [WARNING] WARN Infinite extent for field "value -- streamlit-generated": [Infinity, -Infinity] @ http://localhost:8501/static/js/embed.Bqebd2RE.js:0
[    3834ms] [WARNING] WARN Infinite extent for field "value -- streamlit-generated": [Infinity, -Infinity] @ http://localhost:8501/static/js/embed.Bqebd2RE.js:0
[   35863ms] [WARNING] WARN Scale bindings are currently only supported for scales with unbinned, continuous domains. @ http://localhost:8501/static/js/embed.Bqebd2RE.js:0
[   35869ms] [WARNING] WARN Dropping "fit-x" because spec has discrete width. @ http://localhost:8501/static/js/embed.Bqebd2RE.js:0
[   35885ms] [WARNING] WARN Infinite extent for field "value -- streamlit-generated": [Infinity, -Infinity] @ http://localhost:8501/static/js/embed.Bqebd2RE.js:0
[   35886ms] [WARNING] WARN Infinite extent for field "value -- streamlit-generated": [Infinity, -Infinity] @ http://localhost:8501/static/js/embed.Bqebd2RE.js:0
[   35887ms] [WARNING] WARN Infinite extent for field "value -- streamlit-generated": [Infinity, -Infinity] @ http://localhost:8501/static/js/embed.Bqebd2RE.js:0
[   35893ms] [WARNING] WARN Infinite extent for field "value -- streamlit-generated": [Infinity, -Infinity] @ http://localhost:8501/static/js/embed.Bqebd2RE.js:0
[   35945ms] [WARNING] WARN Scale bindings are currently only supported for scales with unbinned, continuous domains. @ http://localhost:8501/static/js/embed.Bqebd2RE.js:0
[   35966ms] [WARNING] WARN Infinite extent for field "value -- streamlit-generated": [Infinity, -Infinity] @ http://localhost:8501/static/js/embed.Bqebd2RE.js:0
[   35966ms] [WARNING] WARN Infinite extent for field "value -- streamlit-generated": [Infinity, -Infinity] @ http://localhost:8501/static/js/embed.Bqebd2RE.js:0
[   35966ms] [WARNING] WARN Infinite extent for field "value -- streamlit-generated": [Infinity, -Infinity] @ http://localhost:8501/static/js/embed.Bqebd2RE.js:0
[   35976ms] [WARNING] WARN Infinite extent for field "value -- streamlit-generated": [Infinity, -Infinity] @ http://localhost:8501/static/js/embed.Bqebd2RE.js:0
[   36081ms] [WARNING] WARN Scale bindings are currently only supported for scales with unbinned, continuous domains. @ http://localhost:8501/static/js/embed.Bqebd2RE.js:0
[   36108ms] [WARNING] WARN Infinite extent for field "value -- streamlit-generated": [Infinity, -Infinity] @ http://localhost:8501/static/js/embed.Bqebd2RE.js:0
[   36109ms] [WARNING] WARN Infinite extent for field "value -- streamlit-generated": [Infinity, -Infinity] @ http://localhost:8501/static/js/embed.Bqebd2RE.js:0
[   36109ms] [WARNING] WARN Infinite extent for field "value -- streamlit-generated": [Infinity, -Infinity] @ http://localhost:8501/static/js/embed.Bqebd2RE.js:0
[   36118ms] [WARNING] WARN Infinite extent for field "value -- streamlit-generated": [Infinity, -Infinity] @ http://localhost:8501/static/js/embed.Bqebd2RE.js:0
