[     772ms] [ERROR] Failed to load resource: the server responded with a status of 404 (Not Found) @ http://localhost:8501/loan/_stcore/health:0
[     772ms] [ERROR] Failed to load resource: the server responded with a status of 404 (Not Found) @ http://localhost:8501/loan/_stcore/host-config:0
[   17715ms] [WARNING] WARN Infinite extent for field "Date": [Infinity, -Infinity] @ http://localhost:8501/static/js/embed.Bqebd2RE.js:0
[   17715ms] [WARNING] WARN Infinite extent for field "Date": [Infinity, -Infinity] @ http://localhost:8501/static/js/embed.Bqebd2RE.js:0
[   17717ms] [WARNING] WARN Infinite extent for field "Date": [Infinity, -Infinity] @ http://localhost:8501/static/js/embed.Bqebd2RE.js:0
[   17717ms] [WARNING] WARN Infinite extent for field "Balance": [Infinity, -Infinity] @ http://localhost:8501/static/js/embed.Bqebd2RE.js:0
[   17717ms] [WARNING] WARN Infinite extent for field "Balance": [Infinity, -Infinity] @ http://localhost:8501/static/js/embed.Bqebd2RE.js:0
[   17717ms] [WARNING] WARN Infinite extent for field "Balance": [Infinity, -Infinity] @ http://localhost:8501/static/js/embed.Bqebd2RE.js:0
[   17741ms] [WARNING] WARN Infinite extent for field "Date": [Infinity, -Infinity] @ http://localhost:8501/static/js/embed.Bqebd2RE.js:0
[   17741ms] [WARNING] WARN Infinite extent for field "Balance": [Infinity, -Infinity] @ http://localhost:8501/static/js/embed.Bqebd2RE.js:0
[   17799ms] [WARNING] WARN Infinite extent for field "Date": [Infinity, -Infinity] @ http://localhost:8501/static/js/embed.Bqebd2RE.js:0
[   17799ms] [WARNING] WARN Infinite extent for field "Date": [Infinity, -Infinity] @ http://localhost:8501/static/js/embed.Bqebd2RE.js:0
[   17799ms] [WARNING] WARN Infinite extent for field "Date": [Infinity, -Infinity] @ http://localhost:8501/static/js/embed.Bqebd2RE.js:0
[   17799ms] [WARNING] WARN Infinite extent for field "Balance": [Infinity, -Infinity] @ http://localhost:8501/static/js/embed.Bqebd2RE.js:0
[   17799ms] [WARNING] WARN Infinite extent for field "Balance": [Infinity, -Infinity] @ http://localhost:8501/static/js/embed.Bqebd2RE.js:0
[   17799ms] [WARNING] WARN Infinite extent for field "Balance": [Infinity, -Infinity] @ http://localhost:8501/static/js/embed.Bqebd2RE.js:0
[   17808ms] [WARNING] WARN Infinite extent for field "Date": [Infinity, -Infinity] @ http://localhost:8501/static/js/embed.Bqebd2RE.js:0
[   17808ms] [WARNING] WARN Infinite extent for field "Balance": [Infinity, -Infinity] @ http://localhost:8501/static/js/embed.Bqebd2RE.js:0
[   17844ms] [WARNING] WARN Infinite extent for field "Date": [Infinity, -Infinity] @ http://localhost:8501/static/js/embed.Bqebd2RE.js:0
[   17845ms] [WARNING] WARN Infinite extent for field "Date": [Infinity, -Infinity] @ http://localhost:8501/static/js/embed.Bqebd2RE.js:0
[   17845ms] [WARNING] WARN Infinite extent for field "Date": [Infinity, -Infinity] @ http://localhost:8501/static/js/embed.Bqebd2RE.js:0
[   17847ms] [WARNING] WARN Infinite extent for field "Balance": [Infinity, -Infinity] @ http://localhost:8501/static/js/embed.Bqebd2RE.js:0
[   17847ms] [WARNING] WARN Infinite extent for field "Balance": [Infinity, -Infinity] @ http://localhost:8501/static/js/embed.Bqebd2RE.js:0
[   17847ms] [WARNING] WARN Infinite extent for field "Balance": [Infinity, -Infinity] @ http://localhost:8501/static/js/embed.Bqebd2RE.js:0
[   17853ms] [WARNING] WARN Infinite extent for field "Date": [Infinity, -Infinity] @ http://localhost:8501/static/js/embed.Bqebd2RE.js:0
[   17853ms] [WARNING] WARN Infinite extent for field "Balance": [Infinity, -Infinity] @ http://localhost:8501/static/js/embed.Bqebd2RE.js:0
[  344466ms] [ERROR] WebSocket connection to 'ws://localhost:8501/_stcore/stream' failed:  @ http://localhost:8501/static/js/index.D2ZqaFuW.js:17
[  344467ms] [ERROR] Client Error: WebSocket onerror @ http://localhost:8501/static/js/index.D2ZqaFuW.js:17
[  344758ms] [ERROR] Failed to load resource: net::ERR_CONNECTION_REFUSED @ http://localhost:8501/_stcore/health:0
[  344761ms] [ERROR] Failed to load resource: net::ERR_CONNECTION_REFUSED @ http://localhost:8501/_stcore/host-config:0
[  344870ms] [ERROR] Failed to load resource: net::ERR_CONNECTION_REFUSED @ http://localhost:8501/loan/_stcore/health:0
[  344870ms] [ERROR] Failed to load resource: net::ERR_CONNECTION_REFUSED @ http://localhost:8501/loan/_stcore/host-config:0
[  345073ms] [ERROR] Failed to load resource: net::ERR_CONNECTION_REFUSED @ http://localhost:8501/_stcore/health:0
[  345075ms] [ERROR] Failed to load resource: net::ERR_CONNECTION_REFUSED @ http://localhost:8501/_stcore/host-config:0
[  345293ms] [ERROR] Failed to load resource: net::ERR_CONNECTION_REFUSED @ http://localhost:8501/loan/_stcore/health:0
[  345294ms] [ERROR] Failed to load resource: net::ERR_CONNECTION_REFUSED @ http://localhost:8501/loan/_stcore/host-config:0
[  345659ms] [ERROR] Failed to load resource: net::ERR_CONNECTION_REFUSED @ http://localhost:8501/_stcore/health:0
[  345661ms] [ERROR] Failed to load resource: net::ERR_CONNECTION_REFUSED @ http://localhost:8501/_stcore/host-config:0
[  346078ms] [ERROR] Failed to load resource: net::ERR_CONNECTION_REFUSED @ http://localhost:8501/loan/_stcore/health:0
[  346078ms] [ERROR] Failed to load resource: net::ERR_CONNECTION_REFUSED @ http://localhost:8501/loan/_stcore/host-config:0
[  347021ms] [ERROR] Failed to load resource: net::ERR_CONNECTION_REFUSED @ http://localhost:8501/_stcore/health:0
[  347021ms] [ERROR] Failed to load resource: net::ERR_CONNECTION_REFUSED @ http://localhost:8501/_stcore/host-config:0
[  349055ms] [ERROR] Failed to load resource: the server responded with a status of 404 (Not Found) @ http://localhost:8501/loan/_stcore/health:0
[  349059ms] [ERROR] Failed to load resource: the server responded with a status of 404 (Not Found) @ http://localhost:8501/loan/_stcore/host-config:0
